###############################################################################
#
# IAR ELF Linker V8.32.1.169/W32 for ARM                  22/Sep/2020  09:48:24
# Copyright 2007-2018 IAR Systems AB.
#
#    Output file  =  
#        C:\Users\61009\Desktop\work\testdemo\test1\EWARM\test1\Exe\test1.out
#    Map file     =  
#        C:\Users\61009\Desktop\work\testdemo\test1\EWARM\test1\List\test1.map
#    Command line =  
#        -f C:\Users\61009\AppData\Local\Temp\EW7534.tmp
#        (C:\Users\61009\Desktop\work\testdemo\test1\EWARM\test1\Obj\driverprodemo.o
#        C:\Users\61009\Desktop\work\testdemo\test1\EWARM\test1\Obj\gpio.o
#        C:\Users\61009\Desktop\work\testdemo\test1\EWARM\test1\Obj\main.o
#        C:\Users\61009\Desktop\work\testdemo\test1\EWARM\test1\Obj\startup_stm32f103xe.o
#        C:\Users\61009\Desktop\work\testdemo\test1\EWARM\test1\Obj\stm32f1xx_hal.o
#        C:\Users\61009\Desktop\work\testdemo\test1\EWARM\test1\Obj\stm32f1xx_hal_cortex.o
#        C:\Users\61009\Desktop\work\testdemo\test1\EWARM\test1\Obj\stm32f1xx_hal_dma.o
#        C:\Users\61009\Desktop\work\testdemo\test1\EWARM\test1\Obj\stm32f1xx_hal_exti.o
#        C:\Users\61009\Desktop\work\testdemo\test1\EWARM\test1\Obj\stm32f1xx_hal_flash.o
#        C:\Users\61009\Desktop\work\testdemo\test1\EWARM\test1\Obj\stm32f1xx_hal_flash_ex.o
#        C:\Users\61009\Desktop\work\testdemo\test1\EWARM\test1\Obj\stm32f1xx_hal_gpio.o
#        C:\Users\61009\Desktop\work\testdemo\test1\EWARM\test1\Obj\stm32f1xx_hal_gpio_ex.o
#        C:\Users\61009\Desktop\work\testdemo\test1\EWARM\test1\Obj\stm32f1xx_hal_msp.o
#        C:\Users\61009\Desktop\work\testdemo\test1\EWARM\test1\Obj\stm32f1xx_hal_pwr.o
#        C:\Users\61009\Desktop\work\testdemo\test1\EWARM\test1\Obj\stm32f1xx_hal_rcc.o
#        C:\Users\61009\Desktop\work\testdemo\test1\EWARM\test1\Obj\stm32f1xx_hal_rcc_ex.o
#        C:\Users\61009\Desktop\work\testdemo\test1\EWARM\test1\Obj\stm32f1xx_hal_tim.o
#        C:\Users\61009\Desktop\work\testdemo\test1\EWARM\test1\Obj\stm32f1xx_hal_tim_ex.o
#        C:\Users\61009\Desktop\work\testdemo\test1\EWARM\test1\Obj\stm32f1xx_it.o
#        C:\Users\61009\Desktop\work\testdemo\test1\EWARM\test1\Obj\system_stm32f1xx.o
#        --redirect _Printf=_PrintfFull --redirect _Scanf=_ScanfFull
#        --no_out_extension -o
#        C:\Users\61009\Desktop\work\testdemo\test1\EWARM\test1\Exe\test1.out
#        --map
#        C:\Users\61009\Desktop\work\testdemo\test1\EWARM\test1\List\test1.map
#        --config
#        C:\Users\61009\Desktop\work\testdemo\test1\EWARM/stm32f103xe_flash.icf
#        --semihosting --entry __iar_program_start --vfe --text_out locale)
#
###############################################################################

*******************************************************************************
*** RUNTIME MODEL ATTRIBUTES
***

CppFlavor       = *
__SystemLibrary = DLib
__dlib_version  = 6


*******************************************************************************
*** HEAP SELECTION
***

The basic heap was selected because no calls to memory allocation
functions were found in the application outside of system library
functions, and there are calls to deallocation functions in the
application.


*******************************************************************************
*** PLACEMENT SUMMARY
***

"A0":  place at 0x800'0000 { ro section .intvec };
"P1":  place in [from 0x800'0000 to 0x807'ffff] { ro };
define block CSTACK with size = 1K, alignment = 8 { };
define block HEAP with size = 512, alignment = 8 { };
"P2":  place in [from 0x2000'0000 to 0x2000'ffff] {
          rw, block CSTACK, block HEAP };
initialize by copy { rw };

  Section            Kind         Address    Size  Object
  -------            ----         -------    ----  ------
"A0":                                       0x130
  .intvec            ro code   0x800'0000   0x130  startup_stm32f103xe.o [1]
                             - 0x800'0130   0x130

"P1":                                      0x1234
  .text              ro code   0x800'0130   0x60e  stm32f1xx_hal_rcc.o [1]
  .text              ro code   0x800'073e    0x3a  zero_init3.o [3]
  .text              ro code   0x800'0778     0xc  stm32f1xx_hal.o [1]
  .text              ro code   0x800'0784    0x4c  stm32f1xx_hal.o [1]
  .text              ro code   0x800'07d0    0x86  ABImemcpy.o [3]
  .rodata            const     0x800'0856     0x2  stm32f1xx_hal_rcc.o [1]
  .text              ro code   0x800'0858   0x100  stm32f1xx_hal_cortex.o [1]
  .text              ro code   0x800'0958   0x2c4  driverprodemo.o [1]
  .text              ro code   0x800'0c1c   0x128  gpio.o [1]
  .text              ro code   0x800'0d44   0x22c  stm32f1xx_hal_gpio.o [1]
  .text              ro code   0x800'0f70    0x28  stm32f1xx_hal.o [1]
  .text              ro code   0x800'0f98     0x6  ABImemclr4.o [3]
  .text              ro code   0x800'0fa0    0x32  ABImemset48.o [3]
  .text              ro code   0x800'0fd2    0x9e  main.o [1]
  .text              ro code   0x800'1070    0x24  stm32f1xx_hal.o [1]
  .text              ro code   0x800'1094    0x48  stm32f1xx_hal_msp.o [1]
  .text              ro code   0x800'10dc    0x58  system_stm32f1xx.o [1]
  .text              ro code   0x800'1134    0x2c  copy_init3.o [3]
  .text              ro code   0x800'1160    0x28  data_init.o [3]
  .iar.init_table    const     0x800'1188    0x24  - Linker created -
  .text              ro code   0x800'11ac    0x1e  stm32f1xx_it.o [1]
  .text              ro code   0x800'11cc    0x18  stm32f1xx_hal.o [1]
  .text              ro code   0x800'11e4    0x1e  cmain.o [3]
  .text              ro code   0x800'1202     0x4  low_level_init.o [2]
  .text              ro code   0x800'1206     0x4  exit.o [2]
  .text              ro code   0x800'120c     0xa  cexit.o [3]
  .text              ro code   0x800'1218    0x14  exit.o [4]
  .rodata            const     0x800'122c    0x10  stm32f1xx_hal_rcc.o [1]
  .rodata            const     0x800'123c    0x10  system_stm32f1xx.o [1]
  .text              ro code   0x800'124c    0x10  startup_stm32f103xe.o [1]
  .text              ro code   0x800'125c     0xc  cstartup_M.o [3]
  Initializer bytes  const     0x800'1268     0xc  <for P2-1>
  .text              ro code   0x800'1274     0x4  startup_stm32f103xe.o [1]
  .text              ro code   0x800'1278     0x4  startup_stm32f103xe.o [1]
  .text              ro code   0x800'127c     0x4  startup_stm32f103xe.o [1]
  .text              ro code   0x800'1280     0x4  startup_stm32f103xe.o [1]
  .text              ro code   0x800'1284     0x4  startup_stm32f103xe.o [1]
  .text              ro code   0x800'1288     0x4  startup_stm32f103xe.o [1]
  .text              ro code   0x800'128c     0x4  startup_stm32f103xe.o [1]
  .text              ro code   0x800'1290     0x4  startup_stm32f103xe.o [1]
  .text              ro code   0x800'1294     0x4  startup_stm32f103xe.o [1]
  .text              ro code   0x800'1298     0x4  startup_stm32f103xe.o [1]
  .text              ro code   0x800'129c     0x4  startup_stm32f103xe.o [1]
  .text              ro code   0x800'12a0     0x4  startup_stm32f103xe.o [1]
  .text              ro code   0x800'12a4     0x4  startup_stm32f103xe.o [1]
  .text              ro code   0x800'12a8     0x4  startup_stm32f103xe.o [1]
  .text              ro code   0x800'12ac     0x4  startup_stm32f103xe.o [1]
  .text              ro code   0x800'12b0     0x4  startup_stm32f103xe.o [1]
  .text              ro code   0x800'12b4     0x4  startup_stm32f103xe.o [1]
  .text              ro code   0x800'12b8     0x4  startup_stm32f103xe.o [1]
  .text              ro code   0x800'12bc     0x4  startup_stm32f103xe.o [1]
  .text              ro code   0x800'12c0     0x4  startup_stm32f103xe.o [1]
  .text              ro code   0x800'12c4     0x4  startup_stm32f103xe.o [1]
  .text              ro code   0x800'12c8     0x4  startup_stm32f103xe.o [1]
  .text              ro code   0x800'12cc     0x4  startup_stm32f103xe.o [1]
  .text              ro code   0x800'12d0     0x4  startup_stm32f103xe.o [1]
  .text              ro code   0x800'12d4     0x4  startup_stm32f103xe.o [1]
  .text              ro code   0x800'12d8     0x4  startup_stm32f103xe.o [1]
  .text              ro code   0x800'12dc     0x4  startup_stm32f103xe.o [1]
  .text              ro code   0x800'12e0     0x4  startup_stm32f103xe.o [1]
  .text              ro code   0x800'12e4     0x4  startup_stm32f103xe.o [1]
  .text              ro code   0x800'12e8     0x4  startup_stm32f103xe.o [1]
  .text              ro code   0x800'12ec     0x4  startup_stm32f103xe.o [1]
  .text              ro code   0x800'12f0     0x4  startup_stm32f103xe.o [1]
  .text              ro code   0x800'12f4     0x4  startup_stm32f103xe.o [1]
  .text              ro code   0x800'12f8     0x4  startup_stm32f103xe.o [1]
  .text              ro code   0x800'12fc     0x4  startup_stm32f103xe.o [1]
  .text              ro code   0x800'1300     0x4  startup_stm32f103xe.o [1]
  .text              ro code   0x800'1304     0x4  startup_stm32f103xe.o [1]
  .text              ro code   0x800'1308     0x4  startup_stm32f103xe.o [1]
  .text              ro code   0x800'130c     0x4  startup_stm32f103xe.o [1]
  .text              ro code   0x800'1310     0x4  startup_stm32f103xe.o [1]
  .text              ro code   0x800'1314     0x4  startup_stm32f103xe.o [1]
  .text              ro code   0x800'1318     0x4  startup_stm32f103xe.o [1]
  .text              ro code   0x800'131c     0x4  startup_stm32f103xe.o [1]
  .text              ro code   0x800'1320     0x4  startup_stm32f103xe.o [1]
  .text              ro code   0x800'1324     0x4  startup_stm32f103xe.o [1]
  .text              ro code   0x800'1328     0x4  startup_stm32f103xe.o [1]
  .text              ro code   0x800'132c     0x4  startup_stm32f103xe.o [1]
  .text              ro code   0x800'1330     0x4  startup_stm32f103xe.o [1]
  .text              ro code   0x800'1334     0x4  startup_stm32f103xe.o [1]
  .text              ro code   0x800'1338     0x4  startup_stm32f103xe.o [1]
  .text              ro code   0x800'133c     0x4  startup_stm32f103xe.o [1]
  .text              ro code   0x800'1340     0x4  startup_stm32f103xe.o [1]
  .text              ro code   0x800'1344     0x4  startup_stm32f103xe.o [1]
  .text              ro code   0x800'1348     0x4  startup_stm32f103xe.o [1]
  .text              ro code   0x800'134c     0x4  startup_stm32f103xe.o [1]
  .text              ro code   0x800'1350     0x4  startup_stm32f103xe.o [1]
  .text              ro code   0x800'1354     0x4  startup_stm32f103xe.o [1]
  .text              ro code   0x800'1358     0x4  startup_stm32f103xe.o [1]
  .text              ro code   0x800'135c     0x4  startup_stm32f103xe.o [1]
  .text              ro code   0x800'1360     0x4  startup_stm32f103xe.o [1]
  .rodata            const     0x800'1364     0x0  zero_init3.o [3]
  .rodata            const     0x800'1364     0x0  copy_init3.o [3]
                             - 0x800'1364  0x1234

"P2", part 1 of 3:                            0xc
  P2-1                        0x2000'0000     0x9  <Init block>
    .data            inited   0x2000'0000     0x4  stm32f1xx_hal.o [1]
    .data            inited   0x2000'0004     0x4  system_stm32f1xx.o [1]
    .data            inited   0x2000'0008     0x1  stm32f1xx_hal.o [1]
                            - 0x2000'0009     0x9

"P2", part 2 of 3:                          0x404
  .bss               zero     0x2000'000c   0x400  driverprodemo.o [1]
  .bss               zero     0x2000'040c     0x4  stm32f1xx_hal.o [1]
                            - 0x2000'0410   0x404

"P2", part 3 of 3:                          0x400
  CSTACK                      0x2000'0410   0x400  <Block>
    CSTACK           uninit   0x2000'0410   0x400  <Block tail>
                            - 0x2000'0810   0x400

Unused ranges:

         From           To      Size
         ----           --      ----
   0x800'1364   0x807'ffff  0x7'ec9c
  0x2000'0810  0x2000'ffff    0xf7f0


*******************************************************************************
*** INIT TABLE
***

          Address      Size
          -------      ----
Zero (__iar_zero_init3)
    1 destination range, total size 0x404:
          0x2000'000c  0x404

Copy (__iar_copy_init3)
    1 source range, total size 0xc (133% of destination):
           0x800'1268    0xc
    1 destination range, total size 0x9:
          0x2000'0000    0x9



*******************************************************************************
*** MODULE SUMMARY
***

    Module                  ro code  ro data  rw data
    ------                  -------  -------  -------
command line/config:
    -------------------------------------------------
    Total:

C:\Users\61009\Desktop\work\testdemo\test1\EWARM\test1\Obj: [1]
    driverprodemo.o             708             1 024
    gpio.o                      296
    main.o                      158
    startup_stm32f103xe.o       560
    stm32f1xx_hal.o             188        5        9
    stm32f1xx_hal_cortex.o      256
    stm32f1xx_hal_gpio.o        556
    stm32f1xx_hal_msp.o          72
    stm32f1xx_hal_rcc.o       1 550       18
    stm32f1xx_it.o               30
    system_stm32f1xx.o           88       20        4
    -------------------------------------------------
    Total:                    4 462       43    1 037

dl7M_tln.a: [2]
    exit.o                        4
    low_level_init.o              4
    -------------------------------------------------
    Total:                        8

rt7M_tl.a: [3]
    ABImemclr4.o                  6
    ABImemcpy.o                 134
    ABImemset48.o                50
    cexit.o                      10
    cmain.o                      30
    copy_init3.o                 44
    cstartup_M.o                 12
    data_init.o                  40
    zero_init3.o                 58
    -------------------------------------------------
    Total:                      384

shb_l.a: [4]
    exit.o                       20
    -------------------------------------------------
    Total:                       20

    Gaps                          8
    Linker created                        39    1 024
-----------------------------------------------------
    Grand Total:              4 882       82    2 061


*******************************************************************************
*** ENTRY LIST
***

Entry                       Address   Size  Type      Object
-----                       -------   ----  ----      ------
.iar.init_table$$Base    0x800'1188          --   Gb  - Linker created -
.iar.init_table$$Limit   0x800'11ac          --   Gb  - Linker created -
?main                    0x800'11e5         Code  Gb  cmain.o [3]
AHBPrescTable            0x800'123c   0x10  Data  Gb  system_stm32f1xx.o [1]
BusFault_Handler         0x800'11b9    0x2  Code  Gb  stm32f1xx_it.o [1]
CSTACK$$Base            0x2000'0410          --   Gb  - Linker created -
CSTACK$$Limit           0x2000'0810          --   Gb  - Linker created -
DebugMon_Handler         0x800'11bf    0x2  Code  Gb  stm32f1xx_it.o [1]
Delay_us                 0x800'0977    0xa  Code  Gb  driverprodemo.o [1]
DrawDots                 0x800'0a95  0x17a  Code  Gb  driverprodemo.o [1]
Error_Handler            0x800'106f    0x2  Code  Gb  main.o [1]
HAL_Delay                0x800'0f71   0x28  Code  Wk  stm32f1xx_hal.o [1]
HAL_GPIO_Init            0x800'0d45  0x1ce  Code  Gb  stm32f1xx_hal_gpio.o [1]
HAL_GPIO_WritePin        0x800'0f13   0x14  Code  Gb  stm32f1xx_hal_gpio.o [1]
HAL_GetTick              0x800'0779    0xc  Code  Wk  stm32f1xx_hal.o [1]
HAL_IncTick              0x800'11cd   0x18  Code  Wk  stm32f1xx_hal.o [1]
HAL_Init                 0x800'1071   0x20  Code  Gb  stm32f1xx_hal.o [1]
HAL_InitTick             0x800'0785   0x4c  Code  Wk  stm32f1xx_hal.o [1]
HAL_MspInit              0x800'1095   0x48  Code  Gb  stm32f1xx_hal_msp.o [1]
HAL_NVIC_SetPriority     0x800'0913   0x22  Code  Gb  stm32f1xx_hal_cortex.o [1]
HAL_NVIC_SetPriorityGrouping
                         0x800'090b    0x8  Code  Gb  stm32f1xx_hal_cortex.o [1]
HAL_RCC_ClockConfig      0x800'0503  0x146  Code  Gb  stm32f1xx_hal_rcc.o [1]
HAL_RCC_EnableCSS        0x800'0649    0x8  Code  Gb  stm32f1xx_hal_rcc.o [1]
HAL_RCC_GetSysClockFreq
                         0x800'0651   0x62  Code  Gb  stm32f1xx_hal_rcc.o [1]
HAL_RCC_NMI_IRQHandler   0x800'06b3   0x16  Code  Gb  stm32f1xx_hal_rcc.o [1]
HAL_RCC_OscConfig        0x800'0131  0x3d2  Code  Gb  stm32f1xx_hal_rcc.o [1]
HAL_SYSTICK_Config       0x800'0935    0x8  Code  Gb  stm32f1xx_hal_cortex.o [1]
HardFault_Handler        0x800'11b5    0x2  Code  Gb  stm32f1xx_it.o [1]
LCD_Clear                0x800'0a05   0x10  Code  Gb  driverprodemo.o [1]
LCD_Init                 0x800'0959   0x1e  Code  Gb  driverprodemo.o [1]
LCD_RST                  0x800'0a15   0x2a  Code  Lc  driverprodemo.o [1]
LCD_WriteCmd             0x800'0981   0x42  Code  Gb  driverprodemo.o [1]
LCD_WriteDat             0x800'09c3   0x42  Code  Gb  driverprodemo.o [1]
MX_GPIO_Init             0x800'0c1d  0x128  Code  Gb  gpio.o [1]
MemManage_Handler        0x800'11b7    0x2  Code  Gb  stm32f1xx_it.o [1]
NMI_Handler              0x800'11ad    0x8  Code  Gb  stm32f1xx_it.o [1]
NVIC_EncodePriority      0x800'08a1   0x3c  Code  Lc  stm32f1xx_hal_cortex.o [1]
PendSV_Handler           0x800'11c1    0x2  Code  Gb  stm32f1xx_it.o [1]
RCC_Delay                0x800'06c9   0x24  Code  Lc  stm32f1xx_hal_rcc.o [1]
Region$$Table$$Base      0x800'1188          --   Gb  - Linker created -
Region$$Table$$Limit     0x800'11ac          --   Gb  - Linker created -
SVC_Handler              0x800'11bd    0x2  Code  Gb  stm32f1xx_it.o [1]
SendByte                 0x800'0a3f   0x56  Code  Lc  driverprodemo.o [1]
SysTick_Config           0x800'08dd   0x2e  Code  Lc  stm32f1xx_hal_cortex.o [1]
SysTick_Handler          0x800'11c3    0x8  Code  Gb  stm32f1xx_it.o [1]
SystemClock_Config       0x800'1001   0x6e  Code  Gb  main.o [1]
SystemCoreClock         0x2000'0004    0x4  Data  Gb  system_stm32f1xx.o [1]
SystemInit               0x800'10dd   0x3e  Code  Gb  system_stm32f1xx.o [1]
UsageFault_Handler       0x800'11bb    0x2  Code  Gb  stm32f1xx_it.o [1]
__NVIC_GetPriorityGrouping
                         0x800'0873    0xa  Code  Lc  stm32f1xx_hal_cortex.o [1]
__NVIC_SetPriority       0x800'087d   0x24  Code  Lc  stm32f1xx_hal_cortex.o [1]
__NVIC_SetPriorityGrouping
                         0x800'0859   0x1a  Code  Lc  stm32f1xx_hal_cortex.o [1]
__aeabi_memclr4          0x800'0f99         Code  Gb  ABImemclr4.o [3]
__aeabi_memcpy4          0x800'07d1         Code  Gb  ABImemcpy.o [3]
__aeabi_memcpy8          0x800'07d1         Code  Gb  ABImemcpy.o [3]
__cmain                  0x800'11e5         Code  Gb  cmain.o [3]
__exit                   0x800'1219   0x14  Code  Gb  exit.o [4]
__iar_Memset4_word       0x800'0fa1         Code  Gb  ABImemset48.o [3]
__iar_Memset8_word       0x800'0fa1         Code  Gb  ABImemset48.o [3]
__iar_copy_init3         0x800'1135   0x2c  Code  Gb  copy_init3.o [3]
__iar_data_init3         0x800'1161   0x28  Code  Gb  data_init.o [3]
__iar_program_start      0x800'125d         Code  Gb  cstartup_M.o [3]
__iar_zero_init3         0x800'073f   0x3a  Code  Gb  zero_init3.o [3]
__low_level_init         0x800'1203    0x4  Code  Gb  low_level_init.o [2]
__vector_table           0x800'0000         Data  Gb  startup_stm32f103xe.o [1]
_call_main               0x800'11f1         Code  Gb  cmain.o [3]
_exit                    0x800'120d         Code  Gb  cexit.o [3]
_main                    0x800'11ff         Code  Gb  cmain.o [3]
exit                     0x800'1207    0x4  Code  Gb  exit.o [2]
huancun                 0x2000'000c  0x400  Data  Gb  driverprodemo.o [1]
main                     0x800'0fd3   0x2e  Code  Gb  main.o [1]
uwTick                  0x2000'040c    0x4  Data  Gb  stm32f1xx_hal.o [1]
uwTickFreq              0x2000'0008    0x1  Data  Gb  stm32f1xx_hal.o [1]
uwTickPrio              0x2000'0000    0x4  Data  Gb  stm32f1xx_hal.o [1]


[1] = C:\Users\61009\Desktop\work\testdemo\test1\EWARM\test1\Obj
[2] = dl7M_tln.a
[3] = rt7M_tl.a
[4] = shb_l.a

  4 882 bytes of readonly  code memory
     82 bytes of readonly  data memory
  2 061 bytes of readwrite data memory

Errors: none
Warnings: none
